// Vitest Snapshot v1, https://vitest.dev/guide/snapshot.html

exports[`full shape snapshot > matches snapshot (excluding timestamp) 1`] = `
{
  "codebaseIds": [
    "test-codebase",
  ],
  "codebases": [
    {
      "aggregates": [
        {
          "avgCost": null,
          "avgDurationMs": 125000,
          "avgFindingsCount": 3.5,
          "avgFp": 0.5,
          "avgMatched": 1.5,
          "avgRecall": 0.5,
          "avgUncertain": 0,
          "conditionId": "skill_v2",
          "confirmedNovels": 2,
          "confirmedNovelsFiltered": 1,
          "consistency": 0.5,
          "fpRate": 0.14285714285714285,
          "gtTotal": 3,
          "label": "skill_v2",
          "plausibleNovels": 1,
          "plausibleNovelsFiltered": 1,
          "totalFindings": 7,
          "totalFp": 1,
          "totalRuns": 2,
          "uniqueBugsFound": 3,
          "validRuns": 2,
        },
        {
          "avgCost": null,
          "avgDurationMs": 60000,
          "avgFindingsCount": 4,
          "avgFp": 1,
          "avgMatched": 2,
          "avgRecall": 0.6666666666666666,
          "avgUncertain": 0,
          "conditionId": "bare_audit",
          "confirmedNovels": 1,
          "confirmedNovelsFiltered": 1,
          "consistency": null,
          "fpRate": 0.25,
          "gtTotal": 3,
          "label": "Bare CC",
          "plausibleNovels": 0,
          "plausibleNovelsFiltered": 0,
          "totalFindings": 4,
          "totalFp": 1,
          "totalRuns": 1,
          "uniqueBugsFound": 1,
          "validRuns": 1,
        },
      ],
      "codebaseId": "test-codebase",
      "conditionLabels": [
        "skill_v2",
        "Bare CC",
      ],
      "conditions": [
        "skill_v2",
        "bare_audit",
      ],
      "consistency": [
        {
          "conditionId": "skill_v2",
          "conditionLabel": "skill_v2",
          "findings": [
            {
              "foundCount": 2,
              "gtId": "H-01",
              "gtTitle": "Reentrancy in withdraw",
              "label": "RELIABLE",
              "totalClassified": 2,
            },
            {
              "foundCount": 1,
              "gtId": "H-02",
              "gtTitle": "Missing access control on setPrice",
              "label": "INCONSISTENT",
              "totalClassified": 2,
            },
          ],
          "totalRuns": 2,
        },
      ],
      "findingsMatrix": [
        {
          "cells": {
            "run-bare-1": "1/1",
            "run-skill-1": "1/1",
            "run-skill-2": "1/1",
          },
          "gtId": "H-01",
          "title": "Reentrancy in withdraw",
        },
        {
          "cells": {
            "run-bare-1": "1/1",
            "run-skill-1": "1/1",
            "run-skill-2": "-",
          },
          "gtId": "H-02",
          "title": "Missing access control on setPrice",
        },
        {
          "cells": {
            "run-bare-1": "-",
            "run-skill-1": "-",
            "run-skill-2": "-",
          },
          "gtId": "M-01",
          "title": "Unchecked return value",
        },
      ],
      "gtTotal": 3,
      "hasGt": true,
      "ledger": [
        {
          "conditionCells": {
            "bare_audit": "✓",
            "skill_v2": "✓",
          },
          "gtId": "H-01",
          "sortKey": 0,
          "status": "H-01",
          "title": "Reentrancy in withdraw",
        },
        {
          "conditionCells": {
            "bare_audit": "✓",
            "skill_v2": "✓#1",
          },
          "gtId": "H-02",
          "sortKey": 0,
          "status": "H-02",
          "title": "Missing access control on setPrice",
        },
        {
          "conditionCells": {
            "bare_audit": "-",
            "skill_v2": "-",
          },
          "gtId": "M-01",
          "sortKey": 0,
          "status": "M-01",
          "title": "Unchecked return value",
        },
        {
          "conditionCells": {
            "bare_audit": "-",
            "skill_v2": "✓#2",
          },
          "sortKey": 1,
          "status": "confirmed",
          "title": "Admin Function Centralization Risk",
        },
        {
          "conditionCells": {
            "bare_audit": "✓",
            "skill_v2": "✓#1",
          },
          "sortKey": 1,
          "status": "confirmed",
          "title": "Flash Loan Price Oracle Manipulation",
        },
        {
          "conditionCells": {
            "bare_audit": "-",
            "skill_v2": "✓#2",
          },
          "sortKey": 2,
          "status": "plausible",
          "title": "Unchecked External Call Return Value",
        },
        {
          "conditionCells": {
            "bare_audit": "✓",
            "skill_v2": "-",
          },
          "sortKey": 4,
          "status": "FP",
          "title": "Floating Pragma",
        },
        {
          "conditionCells": {
            "bare_audit": "-",
            "skill_v2": "✓#1",
          },
          "sortKey": 4,
          "status": "FP",
          "title": "Gas Optimization in Storage Pattern",
        },
      ],
      "missedGt": [
        {
          "id": "M-01",
          "title": "Unchecked return value",
        },
      ],
      "runs": [
        {
          "codebaseId": "test-codebase",
          "conditionId": "skill_v2",
          "costUsd": null,
          "durationMs": 120000,
          "findingsCount": 4,
          "fp": 1,
          "invalid": undefined,
          "iteration": 1,
          "matched": 2,
          "matchedGtIds": [
            "H-01",
            "H-02",
          ],
          "novel": 1,
          "precision": 0.6666666666666666,
          "recall": 0.6666666666666666,
          "runId": "run-skill-1",
          "runNumber": 1,
          "timedOut": false,
          "uncertain": 0,
        },
        {
          "codebaseId": "test-codebase",
          "conditionId": "skill_v2",
          "costUsd": null,
          "durationMs": 130000,
          "findingsCount": 3,
          "fp": 0,
          "invalid": undefined,
          "iteration": 2,
          "matched": 1,
          "matchedGtIds": [
            "H-01",
          ],
          "novel": 2,
          "precision": 1,
          "recall": 0.3333333333333333,
          "runId": "run-skill-2",
          "runNumber": 2,
          "timedOut": false,
          "uncertain": 0,
        },
        {
          "codebaseId": "test-codebase",
          "conditionId": "bare_audit",
          "costUsd": null,
          "durationMs": 60000,
          "findingsCount": 4,
          "fp": 1,
          "invalid": undefined,
          "iteration": 1,
          "matched": 2,
          "matchedGtIds": [
            "H-01",
            "H-02",
          ],
          "novel": 1,
          "precision": 0.6666666666666666,
          "recall": 0.6666666666666666,
          "runId": "run-bare-1",
          "runNumber": 1,
          "timedOut": false,
          "uncertain": 0,
        },
      ],
      "uniqueBugsTotal": 3,
      "validationSummary": {
        "confirmed": 2,
        "plausible": 1,
        "rejected": 0,
      },
      "validations": [
        {
          "clusterId": "novel-flash-loan",
          "codeEvidence": "PriceOracle.getPrice() uses spot price without time-weighting",
          "reasoning": "Oracle can be manipulated via flash loan, no TWAP protection",
          "riskCategory": undefined,
          "severity": "high",
          "title": "Flash Loan Price Oracle Manipulation",
          "verdict": "confirmed",
        },
        {
          "clusterId": "novel-unchecked-return",
          "codeEvidence": "Bridge.transfer() ignores bool return from token.transfer()",
          "reasoning": "Return value not checked but impact depends on external contract behavior",
          "riskCategory": undefined,
          "severity": "medium",
          "title": "Unchecked External Call Return Value",
          "verdict": "plausible",
        },
        {
          "clusterId": "novel-centralization",
          "codeEvidence": "Governor.execute() has onlyGovernor modifier",
          "reasoning": "Admin can drain funds but this is by design — governance controlled",
          "riskCategory": "centralization-risk",
          "severity": "medium",
          "title": "Admin Function Centralization Risk",
          "verdict": "confirmed",
        },
      ],
    },
  ],
  "crossCodebaseAggregates": [
    {
      "avgCost": null,
      "avgDurationMs": 125000,
      "avgRecall": 0.5,
      "conditionId": "skill_v2",
      "confirmedNovels": 2,
      "confirmedNovelsFiltered": 1,
      "consistency": 0.5,
      "fpRate": 0.14285714285714285,
      "gtTotal": 3,
      "label": "skill_v2",
      "plausibleNovelsFiltered": 1,
      "subtitle": "",
      "validRuns": 2,
    },
    {
      "avgCost": null,
      "avgDurationMs": 60000,
      "avgRecall": 0.6666666666666666,
      "conditionId": "bare_audit",
      "confirmedNovels": 1,
      "confirmedNovelsFiltered": 1,
      "consistency": null,
      "fpRate": 0.25,
      "gtTotal": 3,
      "label": "Bare CC",
      "plausibleNovelsFiltered": 0,
      "subtitle": "No skill, audit prompt only",
      "validRuns": 1,
    },
  ],
  "gtMissedByAllPercent": 33,
  "gtMissedByAllTotal": 1,
  "gtTotalAll": 3,
  "integrityViolations": [],
  "invalidRuns": 0,
  "metricBests": {
    "avgCost": [],
    "avgDuration": [
      "bare_audit",
    ],
    "confirmedNovelsFiltered": [
      "skill_v2",
      "bare_audit",
    ],
    "consistency": [
      "skill_v2",
    ],
    "fpRate": [
      "skill_v2",
    ],
    "recall": [
      "bare_audit",
    ],
  },
  "mode": "all",
  "totalExcludedByRiskCategory": 1,
  "totalRuns": 3,
  "validRuns": 3,
}
`;
